Microchip MPLAB XC8 Compiler V2.41

Linker command line:

-W-3 \
  --edf=C:/Program Files/Microchip/MPLABX/v6.10/packs/Microchip/PIC18Fxxxx_DFP/1.4.151/xc8\pic\dat\20230323171731_en.msgs \
  -cn -h+dist/default/debug\interfacing.debug.sym \
  --cmf=dist/default/debug\interfacing.debug.cmf -z -Q18F4620 \
  -oC:\Users\LENOVO\AppData\Local\Temp\xcAshd8.\driver_tmp_3.o \
  --defsym=__MPLAB_BUILD=1 --fixupoverflow=error \
  -Mdist/default/debug/interfacing.debug.map \
  --md=C:\Users\LENOVO\AppData\Local\Temp\xcAshd8.\driver_tmp_0.dat -E1 \
  -ver=XC8 Compiler --acfsm=1493 -ACODE=00h-0FFFFh -ACONST=00h-0FFFFh \
  -ASMALLCONST=01000h-010FFhx240 -AMEDIUMCONST=01000h-0FFFFh \
  -ACOMRAM=01h-07Fh -AABS1=00h-0F7Fh -ABIGRAM=01h-0F7Fh \
  -ARAM=080h-0FFh,0100h-01FFhx14,0F00h-0F7Fh -ABANK0=080h-0FFh \
  -ABANK1=0100h-01FFh -ABANK2=0200h-02FFh -ABANK3=0300h-03FFh \
  -ABANK4=0400h-04FFh -ABANK5=0500h-05FFh -ABANK6=0600h-06FFh \
  -ABANK7=0700h-07FFh -ABANK8=0800h-08FFh -ABANK9=0900h-09FFh \
  -ABANK10=0A00h-0AFFh -ABANK11=0B00h-0BFFh -ABANK12=0C00h-0CFFh \
  -ABANK13=0D00h-0DFFh -ABANK14=0E00h-0EFFh -ABANK15=0F00h-0F7Fh \
  -ASFR=0F80h-0FFFh -ABIGSFR=0F80h-0FFFh -ACONFIG=0300000h-030000Dh \
  -AIDLOC=0200000h-0200007h -AEEDATA=0F00000h-0F003FFh -peeprom_data=EEDATA \
  -preset_vec=00h,intcode,intcodelo,powerup,init -pramtop=01000h \
  -psmallconst=SMALLCONST -pmediumconst=MEDIUMCONST -pconst=CONST \
  -AFARRAM=00h-00h \
  -prdata=COMRAM,nvrram=COMRAM,nvbit=COMRAM,rbss=COMRAM,rbit=COMRAM \
  -pfarbss=FARRAM,fardata=FARRAM,nvFARRAM=FARRAM \
  -pintsave_regs=BIGRAM,bigbss=BIGRAM,bigdata=BIGRAM -pbss=RAM \
  -pidata=CODE,irdata=CODE,ibigdata=CODE,ifardata=CODE -prparam=COMRAM \
  C:\Users\LENOVO\AppData\Local\Temp\xcAshd8.\driver_tmp_9.o \
  dist/default/debug\interfacing.debug.o 

Object code version is 3.11

Machine type is 18F4620



                Name                               Link     Load   Length Selector   Space Scale
C:\Users\LENOVO\AppData\Local\Temp\xcAshd8.\driver_tmp_9.o
                config                           300000   300000        E        0       4
                init                                  0        0        4        0       0
dist/default/debug\interfacing.debug.o
                config                           300000   300000        E        0       4
                text8                              FBE6     FBE6       C4     7DF3       0
                text7                              FB36     FB36       B0     7D9B       0
                text6                              FEBC     FEBC      144     7F5E       0
                text5                              FD90     FD90      12C     7EC8       0
                text4                              FA36     FA36       6C     7D1B       0
                text3                              F9D4     F9D4       62     7CEA       0
                text2                              F972     F972       2C     7CB9       0
                text1                              FAA2     FAA2       94     7D51       0
                text0                              FCAA     FCAA       E6     7E55       0
                cstackCOMRAM                         26       26       14        1       1
                dataCOMRAM                            1        1       25        1       1
                bssCOMRAM                            3A       3A        9        1       1
                cinit                              F99E     F99E       36     7CCF       0
                nvCOMRAM                             43       43        1        1       1
                idataCOMRAM                        F94D     F94D       25     F94D       0

TOTAL           Name                               Link     Load   Length     Space
        CLASS   CODE           
                init                                  0        0        4         0
                text8                              FBE6     FBE6       C4         0
                text7                              FB36     FB36       B0         0
                text6                              FEBC     FEBC      144         0
                text5                              FD90     FD90      12C         0
                text4                              FA36     FA36       6C         0
                text3                              F9D4     F9D4       62         0
                text2                              F972     F972       2C         0
                text1                              FAA2     FAA2       94         0
                text0                              FCAA     FCAA       E6         0
                cinit                              F99E     F99E       36         0
                idataCOMRAM                        F94D     F94D       25         0

        CLASS   CONST          

        CLASS   SMALLCONST     

        CLASS   MEDIUMCONST    

        CLASS   COMRAM         
                cstackCOMRAM                         26       26       14         1
                dataCOMRAM                            1        1       25         1
                bssCOMRAM                            3A       3A        9         1
                nvCOMRAM                             43       43        1         1

        CLASS   ABS1           

        CLASS   BIGRAM         

        CLASS   RAM            

        CLASS   BANK0          

        CLASS   BANK1          

        CLASS   BANK2          

        CLASS   BANK3          

        CLASS   BANK4          

        CLASS   BANK5          

        CLASS   BANK6          

        CLASS   BANK7          

        CLASS   BANK8          

        CLASS   BANK9          

        CLASS   BANK10         

        CLASS   BANK11         

        CLASS   BANK12         

        CLASS   BANK13         

        CLASS   BANK14         

        CLASS   BANK15         

        CLASS   SFR            

        CLASS   BIGSFR         

        CLASS   CONFIG         
                config                           300000   300000        E         4

        CLASS   IDLOC          

        CLASS   EEDATA         

        CLASS   FARRAM         

        CLASS   HEAP           

        CLASS   STACK          



SEGMENTS        Name                           Load    Length   Top    Selector   Space  Class

                reset_vec                      000000  000004  000004         0       0  CODE    
                dataCOMRAM                     000001  000043  000044         1       1  COMRAM  
                idataCOMRAM                    00F94D  000025  00F972      F94D       0  CODE    
                text2                          00F972  00002C  00F99E      7CB9       0  CODE    
                cinit                          00F99E  000036  00F9D4      7CCF       0  CODE    
                text3                          00F9D4  000062  00FA36      7CEA       0  CODE    
                text4                          00FA36  00006C  00FAA2      7D1B       0  CODE    
                text1                          00FAA2  000094  00FB36      7D51       0  CODE    
                text7                          00FB36  0000B0  00FBE6      7D9B       0  CODE    
                text8                          00FBE6  0000C4  00FCAA      7DF3       0  CODE    
                text0                          00FCAA  0000E6  00FD90      7E55       0  CODE    
                text5                          00FD90  00012C  00FEBC      7EC8       0  CODE    
                text6                          00FEBC  000144  010000      7F5E       0  CODE    


UNUSED ADDRESS RANGES

        Name                Unused          Largest block    Delta
        BANK0            000080-0000FF               80
        BANK1            000100-0001FF              100
        BANK10           000A00-000AFF              100
        BANK11           000B00-000BFF              100
        BANK12           000C00-000CFF              100
        BANK13           000D00-000DFF              100
        BANK14           000E00-000EFF              100
        BANK15           000F00-000F7F               80
        BANK2            000200-0002FF              100
        BANK3            000300-0003FF              100
        BANK4            000400-0004FF              100
        BANK5            000500-0005FF              100
        BANK6            000600-0006FF              100
        BANK7            000700-0007FF              100
        BANK8            000800-0008FF              100
        BANK9            000900-0009FF              100
        BIGRAM           000044-000F7F              F3C
        BIGSFR           000F80-000FFF               80
        CODE             000004-00F94C             F949
        COMRAM           000044-00007F               3C
        CONST            000004-00F94C             F949
        EEDATA           F00000-F003FF              400
        IDLOC            200000-200007                8
        MEDIUMCONST      001000-00F94C             E94D
        RAM              000080-000F7F              100
        SFR              000F80-000FFF               80
        SMALLCONST       001000-00F94C              100

                                  Symbol Table

?___awdiv                                cstackCOMRAM 000026
?___awmod                                cstackCOMRAM 000026
_LATA                                    (abs)        000F89
_LATB                                    (abs)        000F8A
_LATC                                    (abs)        000F8B
_LATD                                    (abs)        000F8C
_LATE                                    (abs)        000F8D
_PORTA                                   (abs)        000F80
_PORTB                                   (abs)        000F81
_PORTC                                   (abs)        000F82
_PORTD                                   (abs)        000F83
_PORTE                                   (abs)        000F84
_TRISA                                   (abs)        000F92
_TRISB                                   (abs)        000F93
_TRISC                                   (abs)        000F94
_TRISD                                   (abs)        000F95
_TRISE                                   (abs)        000F96
__HRAM                                   (abs)        000000
__H__absolute__                          __absolute__ 000000
__Habs1                                  abs1         000000
__Hbank0                                 bank0        000000
__Hbank1                                 bank1        000000
__Hbank10                                bank10       000000
__Hbank11                                bank11       000000
__Hbank12                                bank12       000000
__Hbank13                                bank13       000000
__Hbank14                                bank14       000000
__Hbank15                                bank15       000000
__Hbank2                                 bank2        000000
__Hbank3                                 bank3        000000
__Hbank4                                 bank4        000000
__Hbank5                                 bank5        000000
__Hbank6                                 bank6        000000
__Hbank7                                 bank7        000000
__Hbank8                                 bank8        000000
__Hbank9                                 bank9        000000
__Hbigbss                                bigbss       000000
__Hbigdata                               bigdata      000000
__Hbigram                                bigram       000000
__Hbigsfr                                bigsfr       000000
__Hbss                                   bss          000000
__HbssCOMRAM                             bssCOMRAM    000000
__Hcinit                                 cinit        000000
__Hclrtext                               clrtext      000000
__Hcomram                                comram       000000
__Hconfig                                config       30000E
__Hconst                                 const        000000
__HcstackCOMRAM                          cstackCOMRAM 000000
__Hdata                                  data         000000
__HdataCOMRAM                            dataCOMRAM   000000
__Heeprom_data                           eeprom_data  000000
__Hfarbss                                farbss       000000
__Hfardata                               fardata      000000
__Hheap                                  heap         000000
__Hibigdata                              ibigdata     000000
__Hidata                                 idata        000000
__HidataCOMRAM                           idataCOMRAM  000000
__Hidloc                                 idloc        000000
__Hifardata                              ifardata     000000
__Hinit                                  init         000004
__Hintcode                               intcode      000000
__Hintcode_body                          intcode_body 000000
__Hintcodelo                             intcodelo    000000
__Hintentry                              intentry     000000
__Hintret                                intret       000000
__Hintsave_regs                          intsave_regs 000000
__Hirdata                                irdata       000000
__Hmediumconst                           mediumconst  000000
__HnvCOMRAM                              nvCOMRAM     000000
__HnvFARRAM                              nvFARRAM     000000
__Hnvbit                                 nvbit        000000
__Hnvrram                                nvrram       000000
__Hparam                                 rparam       000000
__Hpowerup                               powerup      000000
__Hram                                   ram          000000
__Hramtop                                ramtop       001000
__Hrbit                                  rbit         000000
__Hrbss                                  rbss         000000
__Hrdata                                 rdata        000000
__Hreset_vec                             reset_vec    000000
__Hrparam                                rparam       000000
__Hsfr                                   sfr          000000
__Hsmallconst                            smallconst   000000
__Hspace_0                               (abs)        010000
__Hspace_1                               (abs)        000044
__Hspace_2                               (abs)        000000
__Hspace_4                               (abs)        60000E
__Hstack                                 stack        000000
__Hstruct                                struct       000000
__Htemp                                  temp         000000
__Htext                                  text         000000
__Htext0                                 text0        000000
__Htext1                                 text1        000000
__Htext2                                 text2        000000
__Htext3                                 text3        000000
__Htext4                                 text4        000000
__Htext5                                 text5        000000
__Htext6                                 text6        000000
__Htext7                                 text7        000000
__Htext8                                 text8        000000
__LRAM                                   (abs)        000001
__L__absolute__                          __absolute__ 000000
__Labs1                                  abs1         000000
__Lbank0                                 bank0        000000
__Lbank1                                 bank1        000000
__Lbank10                                bank10       000000
__Lbank11                                bank11       000000
__Lbank12                                bank12       000000
__Lbank13                                bank13       000000
__Lbank14                                bank14       000000
__Lbank15                                bank15       000000
__Lbank2                                 bank2        000000
__Lbank3                                 bank3        000000
__Lbank4                                 bank4        000000
__Lbank5                                 bank5        000000
__Lbank6                                 bank6        000000
__Lbank7                                 bank7        000000
__Lbank8                                 bank8        000000
__Lbank9                                 bank9        000000
__Lbigbss                                bigbss       000000
__Lbigdata                               bigdata      000000
__Lbigram                                bigram       000000
__Lbigsfr                                bigsfr       000000
__Lbss                                   bss          000000
__LbssCOMRAM                             bssCOMRAM    000000
__Lcinit                                 cinit        000000
__Lclrtext                               clrtext      000000
__Lcomram                                comram       000000
__Lconfig                                config       000000
__Lconst                                 const        000000
__LcstackCOMRAM                          cstackCOMRAM 000000
__Ldata                                  data         000000
__LdataCOMRAM                            dataCOMRAM   000000
__Leeprom_data                           eeprom_data  000000
__Lfarbss                                farbss       000000
__Lfardata                               fardata      000000
__Lheap                                  heap         000000
__Libigdata                              ibigdata     000000
__Lidata                                 idata        000000
__LidataCOMRAM                           idataCOMRAM  000000
__Lidloc                                 idloc        000000
__Lifardata                              ifardata     000000
__Linit                                  init         000000
__Lintcode                               intcode      000000
__Lintcode_body                          intcode_body 000000
__Lintcodelo                             intcodelo    000000
__Lintentry                              intentry     000000
__Lintret                                intret       000000
__Lintsave_regs                          intsave_regs 000000
__Lirdata                                irdata       000000
__Lmediumconst                           mediumconst  000000
__LnvCOMRAM                              nvCOMRAM     000000
__LnvFARRAM                              nvFARRAM     000000
__Lnvbit                                 nvbit        000000
__Lnvrram                                nvrram       000000
__Lparam                                 rparam       000000
__Lpowerup                               powerup      000000
__Lram                                   ram          000000
__Lramtop                                ramtop       001000
__Lrbit                                  rbit         000000
__Lrbss                                  rbss         000000
__Lrdata                                 rdata        000000
__Lreset_vec                             reset_vec    000000
__Lrparam                                rparam       000000
__Lsfr                                   sfr          000000
__Lsmallconst                            smallconst   000000
__Lspace_0                               (abs)        000000
__Lspace_1                               (abs)        000000
__Lspace_2                               (abs)        000000
__Lspace_4                               (abs)        000000
__Lstack                                 stack        000000
__Lstruct                                struct       000000
__Ltemp                                  temp         000000
__Ltext                                  text         000000
__Ltext0                                 text0        000000
__Ltext1                                 text1        000000
__Ltext2                                 text2        000000
__Ltext3                                 text3        000000
__Ltext4                                 text4        000000
__Ltext5                                 text5        000000
__Ltext6                                 text6        000000
__Ltext7                                 text7        000000
__Ltext8                                 text8        000000
__S0                                     (abs)        010000
__S1                                     (abs)        000044
__S4                                     (abs)        000000
__S5                                     (abs)        000000
___awdiv                                 text8        00FBE6
___awdiv@counter                         cstackCOMRAM 00002A
___awdiv@dividend                        cstackCOMRAM 000026
___awdiv@divisor                         cstackCOMRAM 000028
___awdiv@quotient                        cstackCOMRAM 00002C
___awdiv@sign                            cstackCOMRAM 00002B
___awmod                                 text7        00FB36
___awmod@counter                         cstackCOMRAM 00002A
___awmod@dividend                        cstackCOMRAM 000026
___awmod@divisor                         cstackCOMRAM 000028
___awmod@sign                            cstackCOMRAM 00002B
___heap_hi                               (abs)        000000
___heap_lo                               (abs)        000000
___inthi_sp                              stack        000000
___intlo_sp                              stack        000000
___param_bank                            (abs)        000000
___rparam_used                           (abs)        000001
___sp                                    stack        000000
__accesstop                              (abs)        000080
__activetblptr                           (abs)        000002
__end_of___awdiv                         text8        00FCAA
__end_of___awmod                         text7        00FBE6
__end_of__initialization                 cinit        00F9CA
__end_of_application_initialize          text2        00F99E
__end_of_gpio_pin_direction_initialize   text6        010000
__end_of_gpio_pin_initialize             text4        00FAA2
__end_of_gpio_pin_write_logic            text5        00FEBC
__end_of_main                            text0        00FD90
__end_of_seven_segment_initialize        text3        00FA36
__end_of_seven_segment_write_number      text1        00FB36
__initialization                         cinit        00F99E
__mediumconst                            mediumconst  000000
__pbssCOMRAM                             bssCOMRAM    00003A
__pcinit                                 cinit        00F99E
__pcstackCOMRAM                          cstackCOMRAM 000026
__pdataCOMRAM                            dataCOMRAM   000001
__pidataCOMRAM                           idataCOMRAM  00F94D
__pnvCOMRAM                              nvCOMRAM     000043
__ptext0                                 text0        00FCAA
__ptext1                                 text1        00FAA2
__ptext2                                 text2        00F972
__ptext3                                 text3        00F9D4
__ptext4                                 text4        00FA36
__ptext5                                 text5        00FD90
__ptext6                                 text6        00FEBC
__ptext7                                 text7        00FB36
__ptext8                                 text8        00FBE6
__ramtop                                 ramtop       001000
__smallconst                             smallconst   000000
_application_initialize                  text2        00F972
_gpio_pin_direction_initialize           text6        00FEBC
_gpio_pin_initialize                     text4        00FA36
_gpio_pin_write_logic                    text5        00FD90
_lat_register                            dataCOMRAM   00000B
_main                                    text0        00FCAA
_number                                  bssCOMRAM    00003A
_port_register                           dataCOMRAM   000001
_ret                                     nvCOMRAM     000043
_seg1                                    dataCOMRAM   00001F
_segment1_enable                         dataCOMRAM   000025
_segment2_enable                         dataCOMRAM   000024
_seven_segment_initialize                text3        00F9D4
_seven_segment_write_number              text1        00FAA2
_tris_register                           dataCOMRAM   000015
end_of_initialization                    cinit        00F9CA
gpio_pin_direction_initialize@pin_config cstackCOMRAM 000026
gpio_pin_direction_initialize@ret        cstackCOMRAM 00002E
gpio_pin_initialize@pin_config           cstackCOMRAM 000030
gpio_pin_initialize@ret                  cstackCOMRAM 000033
gpio_pin_write_logic@logic               cstackCOMRAM 000028
gpio_pin_write_logic@pin_config          cstackCOMRAM 000026
gpio_pin_write_logic@ret                 cstackCOMRAM 00002F
intlevel0                                text         000000
intlevel1                                text         000000
intlevel2                                text         000000
intlevel3                                text         000000
isa$std                                  (abs)        000001
isa$xinst                                (abs)        000000
led_initialize@F2560                     bssCOMRAM    000042
led_toggle@F2575                         bssCOMRAM    00003F
led_turn_off@F2570                       bssCOMRAM    000040
led_turn_on@F2565                        bssCOMRAM    000041
main@number                              cstackCOMRAM 000038
relay_initialize@F2556                   bssCOMRAM    00003E
relay_toggle@F2571                       bssCOMRAM    00003B
relay_turn_off@F2566                     bssCOMRAM    00003C
relay_turn_on@F2561                      bssCOMRAM    00003D
seven_segment_initialize@ret             cstackCOMRAM 000036
seven_segment_initialize@seg             cstackCOMRAM 000034
seven_segment_write_number@number        cstackCOMRAM 000032
seven_segment_write_number@ret           cstackCOMRAM 000033
seven_segment_write_number@seg           cstackCOMRAM 000030
stackhi                                  (abs)        000000
stacklo                                  (abs)        000000
start                                    init         000000
start_initialization                     cinit        00F99E


MODULE INFORMATION

Module		Function		Class		Link	Load	Size
C:\Program Files\Microchip\xc8\v2.41\pic\sources\c99\common\awmod.c
		___awmod       		CODE           	FB36	0000	176

C:\Program Files\Microchip\xc8\v2.41\pic\sources\c99\common\awmod.c estimated size: 176

ECU_Layer/7_Segment/ecu_seven_segment.c
		_seven_segment_initialize		CODE           	F9D4	0000	98
		_seven_segment_write_number		CODE           	FAA2	0000	148

ECU_Layer/7_Segment/ecu_seven_segment.c estimated size: 246

C:\Program Files\Microchip\xc8\v2.41\pic\sources\c99\common\awdiv.c
		___awdiv       		CODE           	FBE6	0000	196

C:\Program Files\Microchip\xc8\v2.41\pic\sources\c99\common\awdiv.c estimated size: 196

shared
		__initialization		CODE           	F99E	0000	44

shared estimated size: 44

MCAL_Layer/GPIO/hal_gpio.c
		_gpio_pin_write_logic		CODE           	FD90	0000	300
		_gpio_pin_direction_initialize		CODE           	FEBC	0000	324
		_gpio_pin_initialize		CODE           	FA36	0000	108

MCAL_Layer/GPIO/hal_gpio.c estimated size: 732

application.c
		_application_initialize		CODE           	F972	0000	44
		_main          		CODE           	FCAA	0000	230

application.c estimated size: 274

